{
    "message": "This is a test message",
    "context": {
        "exception": {
            "class": "Fusions\\Test\\Monolog\\LogDna\\StackTraceTestException",
            "message": "",
            "code": 0,
            "file": "\/app\/tests\/TestHelperTrait.php:14",
            "trace": [
                "\/my\/fake\/path\/src\/MyClass.php:256",
                "\/my\/fake\/path\/src\/Nested\/MyNestedClass.php:512",
                "\/my\/fake\/path\/vendor\/MyVendorClass.php:123",
                "\/my\/fake\/path\/require.php:42"
            ]
        }
    },
    "level": 200,
    "level_name": "INFO",
    "channel": "test",
    "datetime": "2022-02-02T02:02:02.000000+00:00",
    "extra": []
}
